MemTotal:        3834540 kB
MemFree:           41512 kB
MemAvailable:    1300784 kB
Buffers:            1152 kB
Cached:          1166220 kB
SwapCached:        25060 kB
Active:           495596 kB
Inactive:        1412288 kB
Active(anon):     173112 kB
Inactive(anon):   671408 kB
Active(file):     322484 kB
Inactive(file):   740880 kB
Unevictable:       59000 kB
Mlocked:           59000 kB
SwapTotal:       2875900 kB
SwapFree:         930524 kB
Dirty:              7092 kB
Writeback:             0 kB
AnonPages:        797276 kB
Mapped:           565892 kB
Shmem:             48252 kB
KReclaimable:     295532 kB
Slab:             604740 kB
SReclaimable:     295532 kB
SUnreclaim:       309208 kB
KernelStack:       60704 kB
ShadowCallStack:   15208 kB
PageTables:       107312 kB
NFS_Unstable:          0 kB
Bounce:                0 kB
WritebackTmp:          0 kB
CommitLimit:     4793168 kB
Committed_AS:   174281368 kB
VmallocTotal:   259653632 kB
VmallocUsed:      144848 kB
VmallocChunk:          0 kB
Percpu:            17376 kB
AnonHugePages:         0 kB
ShmemHugePages:        0 kB
ShmemPmdMapped:        0 kB
FileHugePages:         0 kB
FilePmdMapped:         0 kB
CmaTotal:         344064 kB
CmaFree:               0 kB
