MemTotal:        3834540 kB
MemFree:          114944 kB
MemAvailable:    1306892 kB
Buffers:            1296 kB
Cached:          1286272 kB
SwapCached:        19304 kB
Active:           740156 kB
Inactive:        1365612 kB
Active(anon):     257128 kB
Inactive(anon):   626140 kB
Active(file):     483028 kB
Inactive(file):   739472 kB
Unevictable:       56668 kB
Mlocked:           56668 kB
SwapTotal:       2875900 kB
SwapFree:        1322100 kB
Dirty:             13772 kB
Writeback:             0 kB
AnonPages:        872116 kB
Mapped:           705660 kB
Shmem:             15644 kB
KReclaimable:     214784 kB
Slab:             450392 kB
SReclaimable:     185704 kB
SUnreclaim:       264688 kB
KernelStack:       65852 kB
ShadowCallStack:   16464 kB
PageTables:       108840 kB
NFS_Unstable:          0 kB
Bounce:                0 kB
WritebackTmp:          0 kB
CommitLimit:     4793168 kB
Committed_AS:   190287988 kB
VmallocTotal:   259653632 kB
VmallocUsed:      150532 kB
VmallocChunk:          0 kB
Percpu:            12800 kB
AnonHugePages:         0 kB
ShmemHugePages:        0 kB
ShmemPmdMapped:        0 kB
FileHugePages:         0 kB
FilePmdMapped:         0 kB
CmaTotal:         344064 kB
CmaFree:            2272 kB
