MemTotal:        3834540 kB
MemFree:           41060 kB
MemAvailable:    1352568 kB
Buffers:            1248 kB
Cached:          1199772 kB
SwapCached:        26396 kB
Active:           679352 kB
Inactive:        1336252 kB
Active(anon):     233564 kB
Inactive(anon):   661920 kB
Active(file):     445788 kB
Inactive(file):   674332 kB
Unevictable:       54344 kB
Mlocked:           54344 kB
SwapTotal:       2875900 kB
SwapFree:        1175852 kB
Dirty:             16576 kB
Writeback:             0 kB
AnonPages:        866020 kB
Mapped:           733280 kB
Shmem:             31944 kB
KReclaimable:     291012 kB
Slab:             577040 kB
SReclaimable:     291012 kB
SUnreclaim:       286028 kB
KernelStack:       65920 kB
ShadowCallStack:   16512 kB
PageTables:       115600 kB
NFS_Unstable:          0 kB
Bounce:                0 kB
WritebackTmp:          0 kB
CommitLimit:     4793168 kB
Committed_AS:   203427816 kB
VmallocTotal:   259653632 kB
VmallocUsed:      152436 kB
VmallocChunk:          0 kB
Percpu:            16480 kB
AnonHugePages:         0 kB
ShmemHugePages:        0 kB
ShmemPmdMapped:        0 kB
FileHugePages:         0 kB
FilePmdMapped:         0 kB
CmaTotal:         344064 kB
CmaFree:             964 kB
