MemTotal:        3834540 kB
MemFree:           46764 kB
MemAvailable:    1403000 kB
Buffers:            1188 kB
Cached:          1310252 kB
SwapCached:        25196 kB
Active:           648848 kB
Inactive:        1415548 kB
Active(anon):     210604 kB
Inactive(anon):   621492 kB
Active(file):     438244 kB
Inactive(file):   794056 kB
Unevictable:       54220 kB
Mlocked:           54220 kB
SwapTotal:       2875900 kB
SwapFree:        1318964 kB
Dirty:              8524 kB
Writeback:             0 kB
AnonPages:        805492 kB
Mapped:           641732 kB
Shmem:             28916 kB
KReclaimable:     223560 kB
Slab:             484452 kB
SReclaimable:     216956 kB
SUnreclaim:       267496 kB
KernelStack:       54464 kB
ShadowCallStack:   13648 kB
PageTables:       104608 kB
NFS_Unstable:          0 kB
Bounce:                0 kB
WritebackTmp:          0 kB
CommitLimit:     4793168 kB
Committed_AS:   187333588 kB
VmallocTotal:   259653632 kB
VmallocUsed:      134128 kB
VmallocChunk:          0 kB
Percpu:            14368 kB
AnonHugePages:         0 kB
ShmemHugePages:        0 kB
ShmemPmdMapped:        0 kB
FileHugePages:         0 kB
FilePmdMapped:         0 kB
CmaTotal:         344064 kB
CmaFree:              16 kB
