MemTotal:        3834540 kB
MemFree:          137464 kB
MemAvailable:    1396092 kB
Buffers:            1548 kB
Cached:          1392828 kB
SwapCached:        13852 kB
Active:           613016 kB
Inactive:        1510328 kB
Active(anon):     152512 kB
Inactive(anon):   644576 kB
Active(file):     460504 kB
Inactive(file):   865752 kB
Unevictable:       58804 kB
Mlocked:           58804 kB
SwapTotal:       2875900 kB
SwapFree:        1270420 kB
Dirty:              9996 kB
Writeback:             0 kB
AnonPages:        786620 kB
Mapped:           761232 kB
Shmem:             13412 kB
KReclaimable:     177708 kB
Slab:             442440 kB
SReclaimable:     177708 kB
SUnreclaim:       264732 kB
KernelStack:       67056 kB
ShadowCallStack:   16800 kB
PageTables:       117236 kB
NFS_Unstable:          0 kB
Bounce:                0 kB
WritebackTmp:          0 kB
CommitLimit:     4793168 kB
Committed_AS:   207646632 kB
VmallocTotal:   259653632 kB
VmallocUsed:      152244 kB
VmallocChunk:          0 kB
Percpu:            12544 kB
AnonHugePages:         0 kB
ShmemHugePages:        0 kB
ShmemPmdMapped:        0 kB
FileHugePages:         0 kB
FilePmdMapped:         0 kB
CmaTotal:         344064 kB
CmaFree:           15132 kB
