MemTotal:        3834540 kB
MemFree:          106204 kB
MemAvailable:    1350648 kB
Buffers:            1092 kB
Cached:          1369984 kB
SwapCached:        18072 kB
Active:           631600 kB
Inactive:        1523712 kB
Active(anon):     210416 kB
Inactive(anon):   634388 kB
Active(file):     421184 kB
Inactive(file):   889324 kB
Unevictable:       54100 kB
Mlocked:           54100 kB
SwapTotal:       2875900 kB
SwapFree:        1363368 kB
Dirty:              8912 kB
Writeback:             8 kB
AnonPages:        834768 kB
Mapped:           801032 kB
Shmem:              9208 kB
KReclaimable:     179272 kB
Slab:             446120 kB
SReclaimable:     179272 kB
SUnreclaim:       266848 kB
KernelStack:       59856 kB
ShadowCallStack:   14996 kB
PageTables:       110028 kB
NFS_Unstable:          0 kB
Bounce:                0 kB
WritebackTmp:          0 kB
CommitLimit:     4793168 kB
Committed_AS:   195622996 kB
VmallocTotal:   259653632 kB
VmallocUsed:      142572 kB
VmallocChunk:          0 kB
Percpu:            12544 kB
AnonHugePages:         0 kB
ShmemHugePages:        0 kB
ShmemPmdMapped:        0 kB
FileHugePages:         0 kB
FilePmdMapped:         0 kB
CmaTotal:         344064 kB
CmaFree:            3396 kB
