MemTotal:        3834540 kB
MemFree:           91124 kB
MemAvailable:    1296032 kB
Buffers:            1316 kB
Cached:          1373768 kB
SwapCached:        19280 kB
Active:           588204 kB
Inactive:        1557680 kB
Active(anon):     166348 kB
Inactive(anon):   672608 kB
Active(file):     421856 kB
Inactive(file):   885072 kB
Unevictable:       58856 kB
Mlocked:           58856 kB
SwapTotal:       2875900 kB
SwapFree:        1237712 kB
Dirty:              8184 kB
Writeback:             0 kB
AnonPages:        825516 kB
Mapped:           727092 kB
Shmem:             13032 kB
KReclaimable:     143316 kB
Slab:             417048 kB
SReclaimable:     142868 kB
SUnreclaim:       274180 kB
KernelStack:       64000 kB
ShadowCallStack:   16016 kB
PageTables:       122460 kB
NFS_Unstable:          0 kB
Bounce:                0 kB
WritebackTmp:          0 kB
CommitLimit:     4793168 kB
Committed_AS:   227402852 kB
VmallocTotal:   259653632 kB
VmallocUsed:      149236 kB
VmallocChunk:          0 kB
Percpu:            12768 kB
AnonHugePages:         0 kB
ShmemHugePages:        0 kB
ShmemPmdMapped:        0 kB
FileHugePages:         0 kB
FilePmdMapped:         0 kB
CmaTotal:         344064 kB
CmaFree:            8540 kB
