MemTotal:        3834540 kB
MemFree:          113032 kB
MemAvailable:    1322008 kB
Buffers:            1348 kB
Cached:          1310468 kB
SwapCached:        19400 kB
Active:           594428 kB
Inactive:        1521224 kB
Active(anon):     198284 kB
Inactive(anon):   671512 kB
Active(file):     396144 kB
Inactive(file):   849712 kB
Unevictable:       54100 kB
Mlocked:           54100 kB
SwapTotal:       2875900 kB
SwapFree:        1429452 kB
Dirty:              8524 kB
Writeback:             0 kB
AnonPages:        854612 kB
Mapped:           758912 kB
Shmem:             16576 kB
KReclaimable:     208456 kB
Slab:             442560 kB
SReclaimable:     183816 kB
SUnreclaim:       258744 kB
KernelStack:       61964 kB
ShadowCallStack:   15524 kB
PageTables:       111024 kB
NFS_Unstable:          0 kB
Bounce:                0 kB
WritebackTmp:          0 kB
CommitLimit:     4793168 kB
Committed_AS:   203030352 kB
VmallocTotal:   259653632 kB
VmallocUsed:      145028 kB
VmallocChunk:          0 kB
Percpu:            12736 kB
AnonHugePages:         0 kB
ShmemHugePages:        0 kB
ShmemPmdMapped:        0 kB
FileHugePages:         0 kB
FilePmdMapped:         0 kB
CmaTotal:         344064 kB
CmaFree:           24416 kB
