MemTotal:        3834540 kB
MemFree:           58208 kB
MemAvailable:    1462644 kB
Buffers:            1164 kB
Cached:          1307664 kB
SwapCached:        28180 kB
Active:           692748 kB
Inactive:        1483124 kB
Active(anon):     201644 kB
Inactive(anon):   760708 kB
Active(file):     491104 kB
Inactive(file):   722416 kB
Unevictable:       54272 kB
Mlocked:           54272 kB
SwapTotal:       2875900 kB
SwapFree:        1414068 kB
Dirty:              8588 kB
Writeback:             0 kB
AnonPages:        917984 kB
Mapped:           788804 kB
Shmem:             45284 kB
KReclaimable:     290540 kB
Slab:             572432 kB
SReclaimable:     288500 kB
SUnreclaim:       283932 kB
KernelStack:       61936 kB
ShadowCallStack:   15528 kB
PageTables:       109484 kB
NFS_Unstable:          0 kB
Bounce:                0 kB
WritebackTmp:          0 kB
CommitLimit:     4793168 kB
Committed_AS:   182655156 kB
VmallocTotal:   259653632 kB
VmallocUsed:      145828 kB
VmallocChunk:          0 kB
Percpu:            16480 kB
AnonHugePages:         0 kB
ShmemHugePages:        0 kB
ShmemPmdMapped:        0 kB
FileHugePages:         0 kB
FilePmdMapped:         0 kB
CmaTotal:         344064 kB
CmaFree:            1468 kB
