MemTotal:        3834540 kB
MemFree:           59884 kB
MemAvailable:    1431184 kB
Buffers:            1084 kB
Cached:          1255812 kB
SwapCached:        21080 kB
Active:           680744 kB
Inactive:        1422336 kB
Active(anon):     209544 kB
Inactive(anon):   708840 kB
Active(file):     471200 kB
Inactive(file):   713496 kB
Unevictable:       54104 kB
Mlocked:           54104 kB
SwapTotal:       2875900 kB
SwapFree:        1497240 kB
Dirty:              8912 kB
Writeback:             0 kB
AnonPages:        897972 kB
Mapped:           741200 kB
Shmem:             23232 kB
KReclaimable:     286228 kB
Slab:             538664 kB
SReclaimable:     260524 kB
SUnreclaim:       278140 kB
KernelStack:       65184 kB
ShadowCallStack:   16328 kB
PageTables:       109548 kB
NFS_Unstable:          0 kB
Bounce:                0 kB
WritebackTmp:          0 kB
CommitLimit:     4793168 kB
Committed_AS:   193576796 kB
VmallocTotal:   259653632 kB
VmallocUsed:      151276 kB
VmallocChunk:          0 kB
Percpu:            14624 kB
AnonHugePages:         0 kB
ShmemHugePages:        0 kB
ShmemPmdMapped:        0 kB
FileHugePages:         0 kB
FilePmdMapped:         0 kB
CmaTotal:         344064 kB
CmaFree:           16476 kB
