MemTotal:        3834540 kB
MemFree:           64284 kB
MemAvailable:    1615908 kB
Buffers:            1380 kB
Cached:          1481308 kB
SwapCached:        22196 kB
Active:           690876 kB
Inactive:        1554404 kB
Active(anon):     173940 kB
Inactive(anon):   657952 kB
Active(file):     516936 kB
Inactive(file):   896452 kB
Unevictable:       54100 kB
Mlocked:           54100 kB
SwapTotal:       2875900 kB
SwapFree:        1458176 kB
Dirty:              8444 kB
Writeback:             0 kB
AnonPages:        814256 kB
Mapped:           770592 kB
Shmem:             18680 kB
KReclaimable:     237860 kB
Slab:             497324 kB
SReclaimable:     229924 kB
SUnreclaim:       267400 kB
KernelStack:       58208 kB
ShadowCallStack:   14592 kB
PageTables:       104796 kB
NFS_Unstable:          0 kB
Bounce:                0 kB
WritebackTmp:          0 kB
CommitLimit:     4793168 kB
Committed_AS:   184515500 kB
VmallocTotal:   259653632 kB
VmallocUsed:      138748 kB
VmallocChunk:          0 kB
Percpu:            13504 kB
AnonHugePages:         0 kB
ShmemHugePages:        0 kB
ShmemPmdMapped:        0 kB
FileHugePages:         0 kB
FilePmdMapped:         0 kB
CmaTotal:         344064 kB
CmaFree:           15852 kB
