MemTotal:        3834540 kB
MemFree:           48508 kB
MemAvailable:    1281692 kB
Buffers:            1288 kB
Cached:          1135228 kB
SwapCached:        28048 kB
Active:           639496 kB
Inactive:        1347916 kB
Active(anon):     235832 kB
Inactive(anon):   711352 kB
Active(file):     403664 kB
Inactive(file):   636564 kB
Unevictable:       59000 kB
Mlocked:           59000 kB
SwapTotal:       2875900 kB
SwapFree:         941788 kB
Dirty:              7900 kB
Writeback:             0 kB
AnonPages:        905544 kB
Mapped:           687748 kB
Shmem:             40392 kB
KReclaimable:     292580 kB
Slab:             602192 kB
SReclaimable:     291592 kB
SUnreclaim:       310600 kB
KernelStack:       62144 kB
ShadowCallStack:   15568 kB
PageTables:       109500 kB
NFS_Unstable:          0 kB
Bounce:                0 kB
WritebackTmp:          0 kB
CommitLimit:     4793168 kB
Committed_AS:   169669260 kB
VmallocTotal:   259653632 kB
VmallocUsed:      145004 kB
VmallocChunk:          0 kB
Percpu:            17376 kB
AnonHugePages:         0 kB
ShmemHugePages:        0 kB
ShmemPmdMapped:        0 kB
FileHugePages:         0 kB
FilePmdMapped:         0 kB
CmaTotal:         344064 kB
CmaFree:               0 kB
