MemTotal:        3834540 kB
MemFree:           56136 kB
MemAvailable:    1284148 kB
Buffers:            1160 kB
Cached:          1172748 kB
SwapCached:        23976 kB
Active:           554428 kB
Inactive:        1399864 kB
Active(anon):     186356 kB
Inactive(anon):   659580 kB
Active(file):     368072 kB
Inactive(file):   740284 kB
Unevictable:       58928 kB
Mlocked:           58928 kB
SwapTotal:       2875900 kB
SwapFree:         993100 kB
Dirty:              9016 kB
Writeback:             0 kB
AnonPages:        836772 kB
Mapped:           770376 kB
Shmem:             27832 kB
KReclaimable:     219280 kB
Slab:             492480 kB
SReclaimable:     219280 kB
SUnreclaim:       273200 kB
KernelStack:       62048 kB
ShadowCallStack:   15544 kB
PageTables:       113204 kB
NFS_Unstable:          0 kB
Bounce:                0 kB
WritebackTmp:          0 kB
CommitLimit:     4793168 kB
Committed_AS:   202805072 kB
VmallocTotal:   259653632 kB
VmallocUsed:      146324 kB
VmallocChunk:          0 kB
Percpu:            14368 kB
AnonHugePages:         0 kB
ShmemHugePages:        0 kB
ShmemPmdMapped:        0 kB
FileHugePages:         0 kB
FilePmdMapped:         0 kB
CmaTotal:         344064 kB
CmaFree:            2984 kB
