MemTotal:        3834540 kB
MemFree:           60712 kB
MemAvailable:    1467712 kB
Buffers:            1236 kB
Cached:          1373340 kB
SwapCached:        24040 kB
Active:           642004 kB
Inactive:        1587392 kB
Active(anon):     187716 kB
Inactive(anon):   735116 kB
Active(file):     454288 kB
Inactive(file):   852276 kB
Unevictable:       54204 kB
Mlocked:           54204 kB
SwapTotal:       2875900 kB
SwapFree:        1290400 kB
Dirty:             10588 kB
Writeback:             0 kB
AnonPages:        906368 kB
Mapped:           748344 kB
Shmem:             17760 kB
KReclaimable:     200060 kB
Slab:             464156 kB
SReclaimable:     198268 kB
SUnreclaim:       265888 kB
KernelStack:       64816 kB
ShadowCallStack:   16240 kB
PageTables:       117668 kB
NFS_Unstable:          0 kB
Bounce:                0 kB
WritebackTmp:          0 kB
CommitLimit:     4793168 kB
Committed_AS:   213936816 kB
VmallocTotal:   259653632 kB
VmallocUsed:      148440 kB
VmallocChunk:          0 kB
Percpu:            12928 kB
AnonHugePages:         0 kB
ShmemHugePages:        0 kB
ShmemPmdMapped:        0 kB
FileHugePages:         0 kB
FilePmdMapped:         0 kB
CmaTotal:         344064 kB
CmaFree:            6580 kB
